20:25:17 **** Build of configuration Debug for project PiscaBare ****
make -j8 all 
arm-none-eabi-gcc -mcpu=cortex-m7 -g3 -DDEBUG -c -x assembler-with-cpp -MMD -MP -MF"Startup/startup_stm32h7a3zitxq.d" -MT"Startup/startup_stm32h7a3zitxq.o" --specs=nano.specs -mfpu=fpv5-d16 -mfloat-abi=hard -mthumb -o "Startup/startup_stm32h7a3zitxq.o" "../Startup/startup_stm32h7a3zitxq.s"
arm-none-eabi-gcc "../Src/main.c" -mcpu=cortex-m7 -std=gnu11 -g3 -DDEBUG -DSTM32 -DSTM32H7SINGLE -DSTM32H7 -DSTM32H7A3ZITxQ -DNUCLEO_H7A3ZI_Q -c -I../Inc -O0 -ffunction-sections -fdata-sections -Wall -fstack-usage -fcyclomatic-complexity -MMD -MP -MF"Src/main.d" -MT"Src/main.o" --specs=nano.specs -mfpu=fpv5-d16 -mfloat-abi=hard -mthumb -o "Src/main.o"
arm-none-eabi-gcc "../Src/syscalls.c" -mcpu=cortex-m7 -std=gnu11 -g3 -DDEBUG -DSTM32 -DSTM32H7SINGLE -DSTM32H7 -DSTM32H7A3ZITxQ -DNUCLEO_H7A3ZI_Q -c -I../Inc -O0 -ffunction-sections -fdata-sections -Wall -fstack-usage -fcyclomatic-complexity -MMD -MP -MF"Src/syscalls.d" -MT"Src/syscalls.o" --specs=nano.specs -mfpu=fpv5-d16 -mfloat-abi=hard -mthumb -o "Src/syscalls.o"
arm-none-eabi-gcc "../Src/sysmem.c" -mcpu=cortex-m7 -std=gnu11 -g3 -DDEBUG -DSTM32 -DSTM32H7SINGLE -DSTM32H7 -DSTM32H7A3ZITxQ -DNUCLEO_H7A3ZI_Q -c -I../Inc -O0 -ffunction-sections -fdata-sections -Wall -fstack-usage -fcyclomatic-complexity -MMD -MP -MF"Src/sysmem.d" -MT"Src/sysmem.o" --specs=nano.specs -mfpu=fpv5-d16 -mfloat-abi=hard -mthumb -o "Src/sysmem.o"
../Src/main.c:22:4: warning: #warning "FPU is not initialized, but the project is compiling for an FPU. Please initialize the FPU before use." [-Wcpp]
   22 |   #warning "FPU is not initialized, but the project is compiling for an FPU. Please initialize the FPU before use."
      |    ^~~~~~~
arm-none-eabi-gcc -o "PiscaBare.elf" @"objects.list"   -mcpu=cortex-m7 -T"C:\Users\aryy\Documents\701\PiscaBare\STM32H7A3ZITXQ_FLASH.ld" --specs=nosys.specs -Wl,-Map="PiscaBare.map" -Wl,--gc-sections -static --specs=nano.specs -mfpu=fpv5-d16 -mfloat-abi=hard -mthumb -Wl,--start-group -lc -lm -Wl,--end-group
Finished building target: PiscaBare.elf
 
arm-none-eabi-size  PiscaBare.elf 
arm-none-eabi-objdump -h -S PiscaBare.elf  > "PiscaBare.list"
   text	   data	    bss	    dec	    hex	filename
    944	      0	   1568	   2512	    9d0	PiscaBare.elf
Finished building: default.size.stdout
 
Finished building: PiscaBare.list
 

20:25:23 Build Finished. 0 errors, 1 warnings. (took 5s.819ms)

